// Vitest Snapshot v1, https://vitest.dev/guide/snapshot.html

exports[`UpdateProperties component > renders as expected 1`] = `
.c4.btn {
  display: -webkit-box;
  display: -webkit-flex;
  display: -ms-flexbox;
  display: flex;
  -webkit-align-items: center;
  -webkit-box-align: center;
  -ms-flex-align: center;
  align-items: center;
  -webkit-box-pack: center;
  -webkit-justify-content: center;
  -ms-flex-pack: center;
  justify-content: center;
  padding: 0.4rem 1.2rem;
  border: 0.2rem solid transparent;
  border-radius: 0.4rem;
  text-align: center;
  -webkit-text-decoration: none;
  text-decoration: none;
  font-size: 1.8rem;
  font-family: 'BCSans','Noto Sans',Verdana,Arial,sans-serif;
  font-weight: 700;
  -webkit-letter-spacing: 0.1rem;
  -moz-letter-spacing: 0.1rem;
  -ms-letter-spacing: 0.1rem;
  letter-spacing: 0.1rem;
  cursor: pointer;
}

.c4.btn .Button__value {
  width: auto;
}

.c4.btn:hover {
  -webkit-text-decoration: underline;
  text-decoration: underline;
  opacity: 0.8;
}

.c4.btn:focus {
  outline-width: 2px;
  outline-style: solid;
  outline-color: #2E5DD7;
  outline-offset: 2px;
  box-shadow: none;
}

.c4.btn.btn-primary {
  color: #FFFFFF;
  background-color: #013366;
}

.c4.btn.btn-primary:hover,
.c4.btn.btn-primary:active,
.c4.btn.btn-primary:focus {
  background-color: #1E5189;
}

.c4.btn.btn-secondary {
  color: #013366;
  background: none;
  border-color: #013366;
}

.c4.btn.btn-secondary:hover,
.c4.btn.btn-secondary:active,
.c4.btn.btn-secondary:focus {
  color: #FFFFFF;
  background-color: #013366;
}

.c4.btn.btn-info {
  color: #9F9D9C;
  border: none;
  background: none;
  padding-left: 0.6rem;
  padding-right: 0.6rem;
}

.c4.btn.btn-info:hover,
.c4.btn.btn-info:active,
.c4.btn.btn-info:focus {
  color: var(--surface-color-primary-button-hover);
  background: none;
}

.c4.btn.btn-light {
  color: #FFFFFF;
  background-color: #606060;
  border: none;
}

.c4.btn.btn-light:hover,
.c4.btn.btn-light:active,
.c4.btn.btn-light:focus {
  color: #FFFFFF;
  background-color: #606060;
}

.c4.btn.btn-dark {
  color: #FFFFFF;
  background-color: #474543;
  border: none;
}

.c4.btn.btn-dark:hover,
.c4.btn.btn-dark:active,
.c4.btn.btn-dark:focus {
  color: #FFFFFF;
  background-color: #474543;
}

.c4.btn.btn-danger {
  color: #FFFFFF;
  background-color: #CE3E39;
}

.c4.btn.btn-danger:hover,
.c4.btn.btn-danger:active,
.c4.btn.btn-danger:focus {
  color: #FFFFFF;
  background-color: #CE3E39;
}

.c4.btn.btn-warning {
  color: #FFFFFF;
  background-color: #FCBA19;
  border-color: #FCBA19;
}

.c4.btn.btn-warning:hover,
.c4.btn.btn-warning:active,
.c4.btn.btn-warning:focus {
  color: #FFFFFF;
  border-color: #FCBA19;
  background-color: #FCBA19;
}

.c4.btn.btn-link {
  font-size: 1.6rem;
  font-weight: 400;
  color: var(--surface-color-primary-button-default);
  background: none;
  border: none;
  -webkit-text-decoration: none;
  text-decoration: none;
  min-height: 2.5rem;
  line-height: 3rem;
  -webkit-box-pack: left;
  -webkit-justify-content: left;
  -ms-flex-pack: left;
  justify-content: left;
  -webkit-letter-spacing: unset;
  -moz-letter-spacing: unset;
  -ms-letter-spacing: unset;
  letter-spacing: unset;
  text-align: left;
  padding: 0;
  -webkit-text-decoration: underline;
  text-decoration: underline;
}

.c4.btn.btn-link:hover,
.c4.btn.btn-link:active,
.c4.btn.btn-link:focus {
  color: var(--surface-color-primary-button-hover);
  -webkit-text-decoration: underline;
  text-decoration: underline;
  border: none;
  background: none;
  box-shadow: none;
  outline: none;
}

.c4.btn.btn-link:disabled,
.c4.btn.btn-link.disabled {
  color: #9F9D9C;
  background: none;
  pointer-events: none;
}

.c4.btn:disabled,
.c4.btn:disabled:hover {
  color: #9F9D9C;
  background-color: #EDEBE9;
  box-shadow: none;
  -webkit-user-select: none;
  -moz-user-select: none;
  -ms-user-select: none;
  user-select: none;
  pointer-events: none;
  cursor: not-allowed;
}

.c4.Button .Button__icon {
  margin-right: 1.6rem;
}

.c4.Button--icon-only:focus {
  outline: none;
}

.c4.Button--icon-only .Button__icon {
  margin-right: 0;
}

.c18.c18.btn {
  background-color: unset;
  border: none;
}

.c18.c18.btn:hover,
.c18.c18.btn:focus,
.c18.c18.btn:active {
  background-color: unset;
  outline: none;
  box-shadow: none;
}

.c18.c18.btn svg {
  -webkit-transition: all 0.3s ease-out;
  transition: all 0.3s ease-out;
}

.c18.c18.btn svg:hover {
  -webkit-transition: all 0.3s ease-in;
  transition: all 0.3s ease-in;
}

.c18.c18.btn.btn-primary svg {
  color: #013366;
}

.c18.c18.btn.btn-primary svg:hover {
  color: #013366;
}

.c18.c18.btn.btn-light svg {
  color: var(--surface-color-primary-button-default);
}

.c18.c18.btn.btn-light svg:hover {
  color: #CE3E39;
}

.c18.c18.btn.btn-info svg {
  color: var(--surface-color-primary-button-default);
}

.c18.c18.btn.btn-info svg:hover {
  color: var(--surface-color-primary-button-hover);
}

.c19.c19.btn {
  font-size: 1.4rem;
  color: #aaaaaa;
  -webkit-text-decoration: none;
  text-decoration: none;
  line-height: unset;
}

.c19.c19.btn .text {
  display: none;
}

.c19.c19.btn:hover,
.c19.c19.btn:active,
.c19.c19.btn:focus {
  color: #d8292f;
  -webkit-text-decoration: none;
  text-decoration: none;
  opacity: unset;
  display: -webkit-box;
  display: -webkit-flex;
  display: -ms-flexbox;
  display: flex;
  -webkit-flex-direction: row;
  -ms-flex-direction: row;
  flex-direction: row;
}

.c19.c19.btn:hover .text,
.c19.c19.btn:active .text,
.c19.c19.btn:focus .text {
  display: inline;
  line-height: 2rem;
}

.c17 {
  display: -webkit-box;
  display: -webkit-flex;
  display: -ms-flexbox;
  display: flex;
  -webkit-align-items: baseline;
  -webkit-box-align: baseline;
  -ms-flex-align: baseline;
  align-items: baseline;
  gap: 0.8rem;
}

.c17 .form-label {
  -webkit-flex-shrink: 0;
  -ms-flex-negative: 0;
  flex-shrink: 0;
}

.c1 {
  color: #474543;
  font-family: 'BCSans-Bold';
  font-size: 2.8rem;
  border-bottom: solid 0.5rem var(--theme-blue-90);
  width: 100%;
  text-align: left;
  margin-bottom: 2.4rem;
}

.c6 {
  border-left: 0.1rem solid #ECEAE8;
  width: 0.1rem;
  height: 80%;
  margin: auto;
}

.c7 {
  width: 100%;
  border-bottom: solid 0.5rem #3470B1;
}

.c11 {
  font-weight: bold;
  color: var(--theme-blue-100);
  border-bottom: 0.2rem var(--theme-blue-90) solid;
  margin-bottom: 2.4rem;
}

.c10 {
  margin: 1.6rem;
  padding: 1.6rem;
  background-color: white;
  text-align: left;
  border-radius: 0.5rem;
}

.c12 {
  font-size: 1.6rem;
  color: #9F9D9C;
  border-bottom: 0.2rem solid #606060;
  margin-bottom: 0.9rem;
  padding-bottom: 0.25rem;
  font-family: 'BcSans-Bold';
}

.c16 {
  -webkit-box-flex: 1;
  -webkit-flex-grow: 1;
  -ms-flex-positive: 1;
  flex-grow: 1;
  margin: 0.15rem;
  witdh: 100%;
  white-space: nowrap;
  overflow: hidden;
  text-overflow: ellipsis;
  display: -webkit-box;
  -webkit-line-clamp: 1;
  -webkit-box-orient: vertical;
  word-break: break-all;
  line-break: break-all;
}

.c14 {
  min-width: 3rem;
  min-height: 4.5rem;
}

.c15 {
  font-size: 1.2rem;
}

.c13 {
  min-height: 4.5rem;
}

.c5.btn.btn-light.Button {
  padding: 0;
  border: 0.1rem solid #9F9D9C;
  background-color: white;
  color: #474543;
}

.c5.btn.btn-light.Button:focus,
.c5.btn.btn-light.Button:active {
  background-color: white;
  color: #474543;
}

.c5.btn,
.c5 .Button__icon,
.c5 svg {
  max-width: 2.4rem;
  min-width: 2.4rem;
  max-height: 2.4rem;
  min-height: 2.4rem;
  font-size: 1.4rem;
}

.c0 {
  padding: 1.6rem;
  color: #474543;
}

.c0.collapsed .row:first svg {
  width: 2.6rem;
  height: 2.6rem;
  margin-right: 0;
}

.c0.expanded {
  min-width: 90rem;
  height: 100%;
  position: relative;
  display: -webkit-box;
  display: -webkit-flex;
  display: -ms-flexbox;
  display: flex;
  -webkit-flex-direction: column;
  -ms-flex-direction: column;
  flex-direction: column;
  overflow: hidden;
}

.c3 {
  gap: 1.5rem;
  -webkit-align-items: center;
  -webkit-box-align: center;
  -ms-flex-align: center;
  align-items: center;
}

.c9 {
  width: 100%;
  position: relative;
  overflow: auto;
  -webkit-flex: 1;
  -ms-flex: 1;
  flex: 1;
}

.c8 {
  width: 100%;
  height: 100%;
  display: contents;
}

.c2 {
  display: -webkit-box;
  display: -webkit-flex;
  display: -ms-flexbox;
  display: flex;
  -webkit-align-items: end;
  -webkit-box-align: end;
  -ms-flex-align: end;
  align-items: end;
}

.c20 {
  position: -webkit-sticky;
  position: sticky;
  padding-top: 2rem;
  bottom: 0;
  border-top: 2px solid #e5e5e5;
  background: white;
  z-index: 10;
}

@media only screen and (max-width:1199px) {
  .c0.expanded {
    min-width: 70rem;
  }
}

<body>
  <div>
    <div
      class="Toastify"
    />
    <div />
    <div
      class="c0 expanded"
    >
      <div
        class="row"
      >
        <div
          class="col"
        >
          <h1
            class="c1 c2"
          >
            <div
              class="mr-2 mb-1"
            />
            <div
              data-testid="form-title"
            >
              Property selection
            </div>
          </h1>
        </div>
        <div
          class="c3 d-flex col-auto"
        >
          <span>
            <button
              class="c4 Button Button--icon-only c5 btn btn-light"
              title="collapse"
              type="button"
            >
              <div
                class="Button__icon"
              >
                <svg
                  fill="currentColor"
                  height="1em"
                  stroke="currentColor"
                  stroke-width="0"
                  viewBox="0 0 24 24"
                  width="1em"
                  xmlns="http://www.w3.org/2000/svg"
                >
                  <path
                    d="M0 0h24v24H0z"
                    fill="none"
                  />
                  <path
                    d="M17.59 18 19 16.59 14.42 12 19 7.41 17.59 6l-6 6z"
                  />
                  <path
                    d="m11 18 1.41-1.41L7.83 12l4.58-4.59L11 6l-6 6z"
                  />
                </svg>
              </div>
            </button>
          </span>
          <div
            class="c6"
          />
        </div>
      </div>
      <div
        class="c7"
      />
      <div
        class="c8"
      >
        <div
          class="c9"
        >
          <div
            class="c10 form-section"
          >
            <h2
              class="c11"
            >
              <div
                class="no-gutters row"
              >
                <div
                  class="align-content-end col"
                >
                  <div
                    class="row"
                  >
                    <div
                      class="col-11"
                    >
                      Selected Properties
                    </div>
                    <div
                      class="col"
                    >
                      <button
                        class="c4 Button btn btn-link"
                        title="Fit boundaries button"
                        type="button"
                      >
                        <div
                          class="Button__value"
                        >
                          <svg
                            class="mr-2"
                            fill="currentColor"
                            height="18"
                            stroke="currentColor"
                            stroke-width="0"
                            viewBox="0 0 256 256"
                            width="18"
                            xmlns="http://www.w3.org/2000/svg"
                          >
                            <path
                              d="M216,48V88a8,8,0,0,1-16,0V56H168a8,8,0,0,1,0-16h40A8,8,0,0,1,216,48ZM88,200H56V168a8,8,0,0,0-16,0v40a8,8,0,0,0,8,8H88a8,8,0,0,0,0-16Zm120-40a8,8,0,0,0-8,8v32H168a8,8,0,0,0,0,16h40a8,8,0,0,0,8-8V168A8,8,0,0,0,208,160ZM88,40H48a8,8,0,0,0-8,8V88a8,8,0,0,0,16,0V56H88a8,8,0,0,0,0-16Z"
                            />
                          </svg>
                        </div>
                      </button>
                    </div>
                  </div>
                </div>
              </div>
            </h2>
            <div
              class="collapse show"
            >
              <div
                class="c12 no-gutters row"
              >
                <div
                  class="col-md-3"
                >
                  Identifier
                </div>
                <div
                  class="col-md-9"
                >
                  Provide a descriptive name for this land
                  <span
                    class="tooltip-icon"
                    data-testid="tooltip-icon-property-selector-tooltip"
                    id="property-selector-tooltip"
                  >
                    <svg
                      class="tooltip-icon"
                      fill="currentColor"
                      height="1em"
                      stroke="currentColor"
                      stroke-width="0"
                      viewBox="0 0 512 512"
                      width="1em"
                      xmlns="http://www.w3.org/2000/svg"
                    >
                      <path
                        d="M256 8C119.043 8 8 119.083 8 256c0 136.997 111.043 248 248 248s248-111.003 248-248C504 119.083 392.957 8 256 8zm0 110c23.196 0 42 18.804 42 42s-18.804 42-42 42-42-18.804-42-42 18.804-42 42-42zm56 254c0 6.627-5.373 12-12 12h-88c-6.627 0-12-5.373-12-12v-24c0-6.627 5.373-12 12-12h12v-64h-12c-6.627 0-12-5.373-12-12v-24c0-6.627 5.373-12 12-12h64c6.627 0 12 5.373 12 12v100h12c6.627 0 12 5.373 12 12v24z"
                      />
                    </svg>
                  </span>
                </div>
              </div>
              <div
                class="c13 align-items-center mb-3 no-gutters row"
              >
                <div
                  class="col-md-3"
                >
                  <div
                    class="mb-0 d-flex align-items-center"
                  >
                    <svg
                      class="c14"
                      height="45"
                      id="Layer_2"
                      viewBox="0 0 20 30"
                      width="30"
                      xmlns="http://www.w3.org/2000/svg"
                    >
                      <defs>
                        <style />
                      </defs>
                      <g
                        id="PDF_preview"
                      >
                        <path
                          class="cls-1"
                          d="M.02,9.77c.4,7.19,9.81,20.23,9.81,20.23,0,0,9.14-13.08,9.43-20.23C19.79-3.33-.7-3.19,.02,9.77Zm9.61,5.13c-3.31,0-6-2.69-6-6S6.32,2.91,9.63,2.91s6,2.69,6,6-2.68,6-6,6Z"
                          fill="#2a81cb"
                        />
                      </g>
                      <svg
                        height="16"
                        overflow="visible"
                        preserveAspectRatio="none"
                        version="1.2"
                        viewBox="0 0 22 21"
                        width="16"
                        x="2"
                        xmlns="http://www.w3.org/2000/svg"
                        xmlns:xlink="http://www.w3.org/1999/xlink"
                        y="2"
                      >
                        <g
                          transform="translate(1, 1)"
                        >
                          <defs>
                            <path
                              d="M9.5 0 C14.743192732693075 0 19 4.25680726730706 19 9.5 C19 14.74319273269294 14.743192732693075 19 9.5 19 C4.256807267306925 19 0 14.74319273269294 0 9.5 C0 4.25680726730706 4.256807267306925 0 9.5 0 Z"
                              id="path-1648484224573577"
                              vector-effect="non-scaling-stroke"
                            />
                          </defs>
                          <g
                            transform="translate(0, 0)"
                          >
                            <path
                              class="path-2"
                              d="M9.5 0 C14.743192732693075 0 19 4.25680726730706 19 9.5 C19 14.74319273269294 14.743192732693075 19 9.5 19 C4.256807267306925 19 0 14.74319273269294 0 9.5 C0 4.25680726730706 4.256807267306925 0 9.5 0 Z"
                              fill="rgb(252, 186, 25)"
                              stroke="rgb(255, 255, 255)"
                              stroke-linecap="butt"
                              stroke-linejoin="miter"
                              stroke-width="1"
                              vector-effect="non-scaling-stroke"
                            />
                          </g>
                        </g>
                        <text
                          class="c15"
                          textLength="1.25rem"
                          x="7"
                          y="15"
                        >
                          1
                        </text>
                      </svg>
                      <title>
                        1
                      </title>
                    </svg>
                    <div
                      class="c16 pl-3"
                    >
                      PID: 123-456-789
                    </div>
                  </div>
                </div>
                <div
                  class="col-md-5"
                >
                  <div
                    class="c17 mb-0 w-100 input form-group"
                  >
                    <input
                      class="form-control"
                      id="input-properties.0.name"
                      name="properties.0.name"
                      style="word-break: break-all;"
                      value=""
                    />
                  </div>
                </div>
                <div
                  class="col-auto"
                >
                  <button
                    class="c4 Button btn btn-link"
                    data-testid="zoom-to-property-0"
                    type="button"
                  >
                    <div
                      class="Button__value"
                    >
                      <svg
                        class="ml-4"
                        fill="currentColor"
                        height="18"
                        stroke="currentColor"
                        stroke-width="0"
                        viewBox="0 0 512 512"
                        width="18"
                        xmlns="http://www.w3.org/2000/svg"
                      >
                        <path
                          d="M304 192v32c0 6.6-5.4 12-12 12h-56v56c0 6.6-5.4 12-12 12h-32c-6.6 0-12-5.4-12-12v-56h-56c-6.6 0-12-5.4-12-12v-32c0-6.6 5.4-12 12-12h56v-56c0-6.6 5.4-12 12-12h32c6.6 0 12 5.4 12 12v56h56c6.6 0 12 5.4 12 12zm201 284.7L476.7 505c-9.4 9.4-24.6 9.4-33.9 0L343 405.3c-4.5-4.5-7-10.6-7-17V372c-35.3 27.6-79.7 44-128 44C93.1 416 0 322.9 0 208S93.1 0 208 0s208 93.1 208 208c0 48.3-16.4 92.7-44 128h16.3c6.4 0 12.5 2.5 17 7l99.7 99.7c9.3 9.4 9.3 24.6 0 34zM344 208c0-75.2-60.8-136-136-136S72 132.8 72 208s60.8 136 136 136 136-60.8 136-136z"
                        />
                      </svg>
                    </div>
                  </button>
                </div>
                <div
                  class="pl-3 col-md-1"
                >
                  <button
                    class="c4 Button c18 btn btn-primary"
                    data-testid="move-pin-location-0"
                    title="move-pin-location"
                    type="button"
                  >
                    <div
                      class="Button__value"
                    >
                      <svg
                        fill="currentColor"
                        height="22"
                        stroke="currentColor"
                        stroke-width="0"
                        viewBox="0 0 24 24"
                        width="22"
                        xmlns="http://www.w3.org/2000/svg"
                      >
                        <path
                          d="M11 11V5.82843L9.17157 7.65685L7.75736 6.24264L12 2L16.2426 6.24264L14.8284 7.65685L13 5.82843V11H18.1716L16.3431 9.17157L17.7574 7.75736L22 12L17.7574 16.2426L16.3431 14.8284L18.1716 13H13V18.1716L14.8284 16.3431L16.2426 17.7574L12 22L7.75736 17.7574L9.17157 16.3431L11 18.1716V13H5.82843L7.65685 14.8284L6.24264 16.2426L2 12L6.24264 7.75736L7.65685 9.17157L5.82843 11H11Z"
                        />
                      </svg>
                    </div>
                  </button>
                </div>
                <div
                  class="col-md-1"
                >
                  <button
                    class="c4 Button c19 btn btn-link"
                    data-testid="delete-property-0"
                    type="button"
                  >
                    <div
                      class="Button__value"
                    >
                      <svg
                        fill="currentColor"
                        height="2rem"
                        stroke="currentColor"
                        stroke-width="0"
                        viewBox="0 0 24 24"
                        width="2rem"
                        xmlns="http://www.w3.org/2000/svg"
                      >
                        <title>
                          remove
                        </title>
                        <path
                          d="M0 0h24v24H0z"
                          fill="none"
                        />
                        <path
                          d="M19 6.41 17.59 5 12 10.59 6.41 5 5 6.41 10.59 12 5 17.59 6.41 19 12 13.41 17.59 19 19 17.59 13.41 12z"
                        />
                      </svg>
                       
                      <span
                        class="text"
                      >
                        Remove
                      </span>
                    </div>
                  </button>
                </div>
              </div>
            </div>
          </div>
        </div>
        <div
          class=""
        >
          <div
            class="c20 justify-content-end pt-4 p-0 no-gutters row"
          >
            <div
              class="pr-3 col-auto"
            />
            <div
              class="pr-6 col-auto"
            >
              <button
                class="c4 Button btn btn-secondary"
                data-testid="cancel-button"
                type="button"
              >
                <div
                  class="Button__value"
                >
                  Cancel
                </div>
              </button>
            </div>
            <div
              class="col-auto"
            >
              <button
                class="c4 Button mr-9 btn btn-primary"
                data-testid="save-button"
                type="button"
              >
                <div
                  class="Button__value"
                >
                  Save
                </div>
              </button>
            </div>
          </div>
        </div>
      </div>
    </div>
    <div />
    <div />
  </div>
</body>
`;
