// Vitest Snapshot v1, https://vitest.dev/guide/snapshot.html

exports[`AddResearchForm component > renders as expected 1`] = `
<DocumentFragment>
  <div
    class="Toastify"
  />
  <div />
  .c9.btn {
  display: -webkit-box;
  display: -webkit-flex;
  display: -ms-flexbox;
  display: flex;
  -webkit-align-items: center;
  -webkit-box-align: center;
  -ms-flex-align: center;
  align-items: center;
  -webkit-box-pack: center;
  -webkit-justify-content: center;
  -ms-flex-pack: center;
  justify-content: center;
  padding: 0.4rem 1.2rem;
  border: 0.2rem solid transparent;
  border-radius: 0.4rem;
  text-align: center;
  -webkit-text-decoration: none;
  text-decoration: none;
  font-size: 1.8rem;
  font-family: 'BCSans','Noto Sans',Verdana,Arial,sans-serif;
  font-weight: 700;
  -webkit-letter-spacing: 0.1rem;
  -moz-letter-spacing: 0.1rem;
  -ms-letter-spacing: 0.1rem;
  letter-spacing: 0.1rem;
  cursor: pointer;
}

.c9.btn .Button__value {
  width: auto;
}

.c9.btn:hover {
  -webkit-text-decoration: underline;
  text-decoration: underline;
  opacity: 0.8;
}

.c9.btn:focus {
  outline-width: 2px;
  outline-style: solid;
  outline-color: #2E5DD7;
  outline-offset: 2px;
  box-shadow: none;
}

.c9.btn.btn-primary {
  color: #FFFFFF;
  background-color: #013366;
}

.c9.btn.btn-primary:hover,
.c9.btn.btn-primary:active,
.c9.btn.btn-primary:focus {
  background-color: #1E5189;
}

.c9.btn.btn-secondary {
  color: #013366;
  background: none;
  border-color: #013366;
}

.c9.btn.btn-secondary:hover,
.c9.btn.btn-secondary:active,
.c9.btn.btn-secondary:focus {
  color: #FFFFFF;
  background-color: #013366;
}

.c9.btn.btn-info {
  color: #9F9D9C;
  border: none;
  background: none;
  padding-left: 0.6rem;
  padding-right: 0.6rem;
}

.c9.btn.btn-info:hover,
.c9.btn.btn-info:active,
.c9.btn.btn-info:focus {
  color: var(--surface-color-primary-button-hover);
  background: none;
}

.c9.btn.btn-light {
  color: #FFFFFF;
  background-color: #606060;
  border: none;
}

.c9.btn.btn-light:hover,
.c9.btn.btn-light:active,
.c9.btn.btn-light:focus {
  color: #FFFFFF;
  background-color: #606060;
}

.c9.btn.btn-dark {
  color: #FFFFFF;
  background-color: #474543;
  border: none;
}

.c9.btn.btn-dark:hover,
.c9.btn.btn-dark:active,
.c9.btn.btn-dark:focus {
  color: #FFFFFF;
  background-color: #474543;
}

.c9.btn.btn-danger {
  color: #FFFFFF;
  background-color: #CE3E39;
}

.c9.btn.btn-danger:hover,
.c9.btn.btn-danger:active,
.c9.btn.btn-danger:focus {
  color: #FFFFFF;
  background-color: #CE3E39;
}

.c9.btn.btn-warning {
  color: #FFFFFF;
  background-color: #FCBA19;
  border-color: #FCBA19;
}

.c9.btn.btn-warning:hover,
.c9.btn.btn-warning:active,
.c9.btn.btn-warning:focus {
  color: #FFFFFF;
  border-color: #FCBA19;
  background-color: #FCBA19;
}

.c9.btn.btn-link {
  font-size: 1.6rem;
  font-weight: 400;
  color: var(--surface-color-primary-button-default);
  background: none;
  border: none;
  -webkit-text-decoration: none;
  text-decoration: none;
  min-height: 2.5rem;
  line-height: 3rem;
  -webkit-box-pack: left;
  -webkit-justify-content: left;
  -ms-flex-pack: left;
  justify-content: left;
  -webkit-letter-spacing: unset;
  -moz-letter-spacing: unset;
  -ms-letter-spacing: unset;
  letter-spacing: unset;
  text-align: left;
  padding: 0;
  -webkit-text-decoration: underline;
  text-decoration: underline;
}

.c9.btn.btn-link:hover,
.c9.btn.btn-link:active,
.c9.btn.btn-link:focus {
  color: var(--surface-color-primary-button-hover);
  -webkit-text-decoration: underline;
  text-decoration: underline;
  border: none;
  background: none;
  box-shadow: none;
  outline: none;
}

.c9.btn.btn-link:disabled,
.c9.btn.btn-link.disabled {
  color: #9F9D9C;
  background: none;
  pointer-events: none;
}

.c9.btn:disabled,
.c9.btn:disabled:hover {
  color: #9F9D9C;
  background-color: #EDEBE9;
  box-shadow: none;
  -webkit-user-select: none;
  -moz-user-select: none;
  -ms-user-select: none;
  user-select: none;
  pointer-events: none;
  cursor: not-allowed;
}

.c9.Button .Button__icon {
  margin-right: 1.6rem;
}

.c9.Button--icon-only:focus {
  outline: none;
}

.c9.Button--icon-only .Button__icon {
  margin-right: 0;
}

.c8 {
  font-weight: bold;
  color: var(--theme-blue-100);
  border-bottom: 0.2rem var(--theme-blue-90) solid;
  margin-bottom: 2.4rem;
}

.c1 {
  margin: 1.6rem;
  padding: 1.6rem;
  background-color: white;
  text-align: left;
  border-radius: 0.5rem;
}

.c3 {
  font-size: 16px;
  color: #1a5a96;
  font-style: italic;
  font-weight: bold;
  -webkit-text-decoration: none solid rgb(26,90,150);
  text-decoration: none solid rgb(26,90,150);
  line-height: 24px;
  margin-bottom: 1rem;
}

.c7 {
  padding: 1.5rem 1.8rem;
  border-radius: 4px;
  background-color: #f0f7fc;
  margin-bottom: 2rem;
  font-size: 14px;
  color: #053662;
  -webkit-text-decoration: none solid rgb(49,49,50);
  text-decoration: none solid rgb(49,49,50);
  line-height: 24px;
}

.c6 {
  float: right;
  cursor: pointer;
  color: #1a5a96;
  font-size: 2.8rem;
}

.c5 {
  margin-right: 1.5rem;
  font-size: 1.3rem;
}

.c4 {
  cursor: pointer;
}

.c10 {
  font-size: 1.6rem;
  color: #9F9D9C;
  border-bottom: 0.2rem solid #606060;
  margin-bottom: 0.9rem;
  padding-bottom: 0.25rem;
  font-family: 'BcSans-Bold';
}

.c2 input.form-control {
  min-width: 50rem;
  max-width: 50rem;
}

.c0 {
  background-color: #f2f2f2;
  padding-top: 0.5rem;
  padding-bottom: 0.5rem;
}

<div
    class="c0"
  >
    <div
      class="c1 form-section"
    >
      <div
        class="collapse show"
      >
        <div
          class="py-4 no-gutters row"
        >
          <div
            class="pr-5 col-auto"
          >
            <strong>
              Name this research file:
            </strong>
          </div>
          <div
            class="col-auto"
          >
            <div
              class="c2 input form-group"
            >
              <input
                class="form-control"
                id="input-name"
                name="name"
                placeholder="Road name - Descriptive text"
                style="word-break: break-all;"
                title=""
                value=""
              />
            </div>
            A unique file number will be generated for this research file on save.
          </div>
        </div>
        <div
          class="c3"
        >
          <div
            class="c4 no-gutters row"
          >
            <div
              class="col"
            >
              <svg
                class="c5"
                fill="currentColor"
                height="1em"
                stroke="currentColor"
                stroke-width="0"
                viewBox="0 0 512 512"
                width="1em"
                xmlns="http://www.w3.org/2000/svg"
              >
                <path
                  d="M256 8C119.043 8 8 119.083 8 256c0 136.997 111.043 248 248 248s248-111.003 248-248C504 119.083 392.957 8 256 8zm0 110c23.196 0 42 18.804 42 42s-18.804 42-42 42-42-18.804-42-42 18.804-42 42-42zm56 254c0 6.627-5.373 12-12 12h-88c-6.627 0-12-5.373-12-12v-24c0-6.627 5.373-12 12-12h12v-64h-12c-6.627 0-12-5.373-12-12v-24c0-6.627 5.373-12 12-12h64c6.627 0 12 5.373 12 12v100h12c6.627 0 12 5.373 12 12v24z"
                />
              </svg>
              Help with choosing a name
            </div>
            <div
              class="col-1"
            >
              <svg
                class="c6"
                fill="currentColor"
                height="1em"
                stroke="currentColor"
                stroke-width="0"
                viewBox="0 0 24 24"
                width="1em"
                xmlns="http://www.w3.org/2000/svg"
              >
                <path
                  d="M0 0h24v24H0z"
                  fill="none"
                />
                <path
                  d="m7 10 5 5 5-5z"
                />
              </svg>
            </div>
          </div>
        </div>
        <div
          class="c7 collapse"
        >
          <p
            class="mb-4"
          >
            Provide a predictable research file name that will be easy to search for. Recommended format is to use the road name(s) followed by some descriptive text that may include (but not limited to) one or more of the following:
          </p>
          <ul>
            <li>
              Ministry project name
            </li>
            <li>
              Name of the area
            </li>
            <li>
              Name of the MOTT highway district
            </li>
            <li>
              Name of the enquirer
            </li>
            <li>
              Legal description
            </li>
          </ul>
          <p
            class="mb-4 mt-3"
          >
            If the road name is not available /applicable, the descriptive text should make the research file easy to search for in the future
          </p>
          <p>
            <b>
              Note:
            </b>
             This name does not need to be entirely unique, as a unique file number will be generated for your research file when you save it.
          </p>
        </div>
      </div>
    </div>
    <div
      class="c1 form-section"
    >
      <h2
        class="c8"
      >
        <div
          class="no-gutters row"
        >
          <div
            class="align-content-end col"
          >
            Project
          </div>
        </div>
      </h2>
      <div
        class="collapse show"
      >
        <button
          class="c9 Button btn btn-link"
          data-testid="add-project"
          type="button"
        >
          <div
            class="Button__value"
          >
            + Add another project
          </div>
        </button>
      </div>
    </div>
    <div
      class="c1 form-section"
    >
      <h2
        class="c8"
      >
        <div
          class="no-gutters row"
        >
          <div
            class="align-content-end col"
          >
            Properties to include in this file:
          </div>
        </div>
      </h2>
      <div
        class="collapse show"
      >
        <div
          class="py-2"
        >
          Select one or more properties that you want to include in this research file. You can choose a location from the map, or search by other criteria.
        </div>
        <div
          class="c1 form-section"
        >
          <h2
            class="c8"
          >
            <div
              class="no-gutters row"
            >
              <div
                class="align-content-end col"
              >
                Selected properties
              </div>
            </div>
          </h2>
          <div
            class="collapse show"
          >
            <div
              class="c10 no-gutters row"
            >
              <div
                class="col-md-3"
              >
                Identifier
              </div>
              <div
                class="col-md-9"
              >
                Provide a descriptive name for this land
                <span
                  class="tooltip-icon"
                  data-testid="tooltip-icon-property-selector-tooltip"
                  id="property-selector-tooltip"
                >
                  <svg
                    class="tooltip-icon"
                    fill="currentColor"
                    height="1em"
                    stroke="currentColor"
                    stroke-width="0"
                    viewBox="0 0 512 512"
                    width="1em"
                    xmlns="http://www.w3.org/2000/svg"
                  >
                    <path
                      d="M256 8C119.043 8 8 119.083 8 256c0 136.997 111.043 248 248 248s248-111.003 248-248C504 119.083 392.957 8 256 8zm0 110c23.196 0 42 18.804 42 42s-18.804 42-42 42-42-18.804-42-42 18.804-42 42-42zm56 254c0 6.627-5.373 12-12 12h-88c-6.627 0-12-5.373-12-12v-24c0-6.627 5.373-12 12-12h12v-64h-12c-6.627 0-12-5.373-12-12v-24c0-6.627 5.373-12 12-12h64c6.627 0 12 5.373 12 12v100h12c6.627 0 12 5.373 12 12v24z"
                    />
                  </svg>
                </span>
              </div>
            </div>
            <span>
              No Properties selected
            </span>
          </div>
        </div>
      </div>
    </div>
  </div>
</DocumentFragment>
`;
