// Vitest Snapshot v1, https://vitest.dev/guide/snapshot.html

exports[`Add Management Container View > matches snapshot 1`] = `
<DocumentFragment>
  @media only screen and (max-width:1199px) {

}

<div
    class="Toastify"
  />
  @media only screen and (max-width:1199px) {

}

<div />
  .c4.btn {
  display: -webkit-box;
  display: -webkit-flex;
  display: -ms-flexbox;
  display: flex;
  -webkit-align-items: center;
  -webkit-box-align: center;
  -ms-flex-align: center;
  align-items: center;
  -webkit-box-pack: center;
  -webkit-justify-content: center;
  -ms-flex-pack: center;
  justify-content: center;
  padding: 0.4rem 1.2rem;
  border: 0.2rem solid transparent;
  border-radius: 0.4rem;
  text-align: center;
  -webkit-text-decoration: none;
  text-decoration: none;
  font-size: 1.8rem;
  font-family: 'BCSans','Noto Sans',Verdana,Arial,sans-serif;
  font-weight: 700;
  -webkit-letter-spacing: 0.1rem;
  -moz-letter-spacing: 0.1rem;
  -ms-letter-spacing: 0.1rem;
  letter-spacing: 0.1rem;
  cursor: pointer;
}

.c4.btn .Button__value {
  width: auto;
}

.c4.btn:hover {
  -webkit-text-decoration: underline;
  text-decoration: underline;
  opacity: 0.8;
}

.c4.btn:focus {
  outline-width: 2px;
  outline-style: solid;
  outline-color: #2E5DD7;
  outline-offset: 2px;
  box-shadow: none;
}

.c4.btn.btn-primary {
  color: #FFFFFF;
  background-color: #013366;
}

.c4.btn.btn-primary:hover,
.c4.btn.btn-primary:active,
.c4.btn.btn-primary:focus {
  background-color: #1E5189;
}

.c4.btn.btn-secondary {
  color: #013366;
  background: none;
  border-color: #013366;
}

.c4.btn.btn-secondary:hover,
.c4.btn.btn-secondary:active,
.c4.btn.btn-secondary:focus {
  color: #FFFFFF;
  background-color: #013366;
}

.c4.btn.btn-info {
  color: #9F9D9C;
  border: none;
  background: none;
  padding-left: 0.6rem;
  padding-right: 0.6rem;
}

.c4.btn.btn-info:hover,
.c4.btn.btn-info:active,
.c4.btn.btn-info:focus {
  color: var(--surface-color-primary-button-hover);
  background: none;
}

.c4.btn.btn-light {
  color: #FFFFFF;
  background-color: #606060;
  border: none;
}

.c4.btn.btn-light:hover,
.c4.btn.btn-light:active,
.c4.btn.btn-light:focus {
  color: #FFFFFF;
  background-color: #606060;
}

.c4.btn.btn-dark {
  color: #FFFFFF;
  background-color: #474543;
  border: none;
}

.c4.btn.btn-dark:hover,
.c4.btn.btn-dark:active,
.c4.btn.btn-dark:focus {
  color: #FFFFFF;
  background-color: #474543;
}

.c4.btn.btn-danger {
  color: #FFFFFF;
  background-color: #CE3E39;
}

.c4.btn.btn-danger:hover,
.c4.btn.btn-danger:active,
.c4.btn.btn-danger:focus {
  color: #FFFFFF;
  background-color: #CE3E39;
}

.c4.btn.btn-warning {
  color: #FFFFFF;
  background-color: #FCBA19;
  border-color: #FCBA19;
}

.c4.btn.btn-warning:hover,
.c4.btn.btn-warning:active,
.c4.btn.btn-warning:focus {
  color: #FFFFFF;
  border-color: #FCBA19;
  background-color: #FCBA19;
}

.c4.btn.btn-link {
  font-size: 1.6rem;
  font-weight: 400;
  color: var(--surface-color-primary-button-default);
  background: none;
  border: none;
  -webkit-text-decoration: none;
  text-decoration: none;
  min-height: 2.5rem;
  line-height: 3rem;
  -webkit-box-pack: left;
  -webkit-justify-content: left;
  -ms-flex-pack: left;
  justify-content: left;
  -webkit-letter-spacing: unset;
  -moz-letter-spacing: unset;
  -ms-letter-spacing: unset;
  letter-spacing: unset;
  text-align: left;
  padding: 0;
  -webkit-text-decoration: underline;
  text-decoration: underline;
}

.c4.btn.btn-link:hover,
.c4.btn.btn-link:active,
.c4.btn.btn-link:focus {
  color: var(--surface-color-primary-button-hover);
  -webkit-text-decoration: underline;
  text-decoration: underline;
  border: none;
  background: none;
  box-shadow: none;
  outline: none;
}

.c4.btn.btn-link:disabled,
.c4.btn.btn-link.disabled {
  color: #9F9D9C;
  background: none;
  pointer-events: none;
}

.c4.btn:disabled,
.c4.btn:disabled:hover {
  color: #9F9D9C;
  background-color: #EDEBE9;
  box-shadow: none;
  -webkit-user-select: none;
  -moz-user-select: none;
  -ms-user-select: none;
  user-select: none;
  pointer-events: none;
  cursor: not-allowed;
}

.c4.Button .Button__icon {
  margin-right: 1.6rem;
}

.c4.Button--icon-only:focus {
  outline: none;
}

.c4.Button--icon-only .Button__icon {
  margin-right: 0;
}

.c17 button.close {
  font-size: 2.4rem;
}

.c1 {
  color: #474543;
  font-family: 'BCSans-Bold';
  font-size: 2.8rem;
  border-bottom: solid 0.5rem var(--theme-blue-90);
  width: 100%;
  text-align: left;
  margin-bottom: 2.4rem;
}

.c6 {
  border-left: 0.1rem solid #ECEAE8;
  width: 0.1rem;
  height: 80%;
  margin: auto;
}

.c8 {
  width: 100%;
  border-bottom: solid 0.5rem #3470B1;
}

.c7 {
  font-size: 2.4rem;
  cursor: pointer;
}

.c5.btn.btn-light.Button {
  padding: 0;
  border: 0.1rem solid #9F9D9C;
  background-color: white;
  color: #474543;
}

.c5.btn.btn-light.Button:focus,
.c5.btn.btn-light.Button:active {
  background-color: white;
  color: #474543;
}

.c5.btn,
.c5 .Button__icon,
.c5 svg {
  max-width: 2.4rem;
  min-width: 2.4rem;
  max-height: 2.4rem;
  min-height: 2.4rem;
  font-size: 1.4rem;
}

.c0 {
  padding: 1.6rem;
  color: #474543;
}

.c0.collapsed .row:first svg {
  width: 2.6rem;
  height: 2.6rem;
  margin-right: 0;
}

.c0.expanded {
  min-width: 90rem;
  height: 100%;
  position: relative;
  display: -webkit-box;
  display: -webkit-flex;
  display: -ms-flexbox;
  display: flex;
  -webkit-flex-direction: column;
  -ms-flex-direction: column;
  flex-direction: column;
  overflow: hidden;
}

.c3 {
  gap: 1.5rem;
  -webkit-align-items: center;
  -webkit-box-align: center;
  -ms-flex-align: center;
  align-items: center;
}

.c10 {
  width: 100%;
  position: relative;
  overflow: auto;
  -webkit-flex: 1;
  -ms-flex: 1;
  flex: 1;
}

.c9 {
  width: 100%;
  height: 100%;
  display: contents;
}

.c2 {
  display: -webkit-box;
  display: -webkit-flex;
  display: -ms-flexbox;
  display: flex;
  -webkit-align-items: end;
  -webkit-box-align: end;
  -ms-flex-align: end;
  align-items: end;
}

.c19 {
  position: -webkit-sticky;
  position: sticky;
  padding-top: 2rem;
  bottom: 0;
  border-top: 2px solid #e5e5e5;
  background: white;
  z-index: 10;
}

.c11 {
  display: -webkit-box;
  display: -webkit-flex;
  display: -ms-flexbox;
  display: flex;
  -webkit-flex-direction: column;
  -ms-flex-direction: column;
  flex-direction: column;
  -webkit-box-flex: 1;
  -webkit-flex-grow: 1;
  -ms-flex-positive: 1;
  flex-grow: 1;
  text-align: left;
  height: 100%;
  overflow-y: auto;
}

.c14 {
  font-weight: bold;
  color: var(--theme-blue-100);
  border-bottom: 0.2rem var(--theme-blue-90) solid;
  margin-bottom: 2.4rem;
}

.c13 {
  margin: 1.6rem;
  padding: 1.6rem;
  background-color: white;
  text-align: left;
  border-radius: 0.5rem;
}

.c16.required::before {
  content: '*';
  position: absolute;
  top: 0.75rem;
  left: 0rem;
}

.c15 {
  font-weight: bold;
}

.c18 {
  font-size: 1.6rem;
  color: #9F9D9C;
  border-bottom: 0.2rem solid #606060;
  margin-bottom: 0.9rem;
  padding-bottom: 0.25rem;
  font-family: 'BcSans-Bold';
}

.c12 .form-section {
  margin: 0;
  padding-left: 0;
}

.c12 .tab-pane .form-section {
  margin: 1.5rem;
  padding-left: 1.5rem;
}

.c12 [name='region'] {
  max-width: 25rem;
}

@media only screen and (max-width:1199px) {
  .c0.expanded {
    min-width: 70rem;
  }
}

<div
    class="c0 expanded"
  >
    <div
      class="row"
    >
      <div
        class="col"
      >
        <h1
          class="c1 c2"
        >
          <div
            class="mr-2 mb-1"
          >
            <svg
              fill="currentColor"
              height="1em"
              stroke="currentColor"
              stroke-width="0"
              viewBox="0 0 24 24"
              width="1em"
              xmlns="http://www.w3.org/2000/svg"
            >
              <title>
                Management file Icon
              </title>
              <path
                d="M0 0h24v24H0z"
                fill="none"
              />
              <path
                d="M4 6H2v14c0 1.1.9 2 2 2h14v-2H4V6zm16-4H8c-1.1 0-2 .9-2 2v12c0 1.1.9 2 2 2h12c1.1 0 2-.9 2-2V4c0-1.1-.9-2-2-2zm-1 9h-4v4h-2v-4H9V9h4V5h2v4h4v2z"
              />
            </svg>
          </div>
          <div
            data-testid="form-title"
          >
            Create Management File
          </div>
        </h1>
      </div>
      <div
        class="c3 d-flex col-auto"
      >
        <span>
          <button
            class="c4 Button Button--icon-only c5 btn btn-light"
            title="collapse"
            type="button"
          >
            <div
              class="Button__icon"
            >
              <svg
                fill="currentColor"
                height="1em"
                stroke="currentColor"
                stroke-width="0"
                viewBox="0 0 24 24"
                width="1em"
                xmlns="http://www.w3.org/2000/svg"
              >
                <path
                  d="M0 0h24v24H0z"
                  fill="none"
                />
                <path
                  d="M17.59 18 19 16.59 14.42 12 19 7.41 17.59 6l-6 6z"
                />
                <path
                  d="m11 18 1.41-1.41L7.83 12l4.58-4.59L11 6l-6 6z"
                />
              </svg>
            </div>
          </button>
        </span>
        <div
          class="c6"
        />
        <svg
          class="c7"
          fill="currentColor"
          height="1em"
          stroke="currentColor"
          stroke-width="0"
          viewBox="0 0 512 512"
          width="1em"
          xmlns="http://www.w3.org/2000/svg"
        >
          <title>
            close
          </title>
          <path
            d="M464 32H48C21.5 32 0 53.5 0 80v352c0 26.5 21.5 48 48 48h416c26.5 0 48-21.5 48-48V80c0-26.5-21.5-48-48-48zm-83.6 290.5c4.8 4.8 4.8 12.6 0 17.4l-40.5 40.5c-4.8 4.8-12.6 4.8-17.4 0L256 313.3l-66.5 67.1c-4.8 4.8-12.6 4.8-17.4 0l-40.5-40.5c-4.8-4.8-4.8-12.6 0-17.4l67.1-66.5-67.1-66.5c-4.8-4.8-4.8-12.6 0-17.4l40.5-40.5c4.8-4.8 12.6-4.8 17.4 0l66.5 67.1 66.5-67.1c4.8-4.8 12.6-4.8 17.4 0l40.5 40.5c4.8 4.8 4.8 12.6 0 17.4L313.3 256l67.1 66.5z"
          />
        </svg>
      </div>
    </div>
    <div
      class="c8"
    />
    <div
      class="c9"
    >
      <div
        class="c10"
      >
        <div
          class="c11"
        >
          <div
            class="c12"
          >
            <div
              class="c13 form-section"
            >
              <h2
                class="c14"
              >
                <div
                  class="no-gutters row"
                >
                  <div
                    class="align-content-end col"
                  >
                    Project
                  </div>
                </div>
              </h2>
              <div
                class="collapse show"
              >
                <div
                  class="pb-2 row"
                >
                  <div
                    class="pr-0 text-left col-4"
                  >
                    <label
                      class="c15"
                    >
                      Ministry project:
                    </label>
                  </div>
                  <div
                    class="c16 text-left col"
                  >
                    <div
                      class="c17 form-group"
                      data-testid="typeahead-project"
                    >
                      <div
                        class="rbt"
                        style="outline: none; position: relative;"
                        tabindex="-1"
                      >
                        <div
                          style="display: flex; flex: 1; height: 100%; position: relative;"
                        >
                          <input
                            aria-autocomplete="both"
                            aria-expanded="false"
                            aria-haspopup="listbox"
                            autocomplete="off"
                            class="rbt-input-main form-control rbt-input"
                            id="typeahead-project"
                            name="typeahead-project"
                            placeholder="Type to search for a Project"
                            role="combobox"
                            type="text"
                            value=""
                          />
                          <input
                            aria-hidden="true"
                            class="rbt-input-hint"
                            readonly=""
                            style="background-color: transparent; border-color: transparent; box-shadow: none; color: rgba(0, 0, 0, 0.54); left: 0px; pointer-events: none; position: absolute; top: 0px; width: 100%; border-style: inset inset inset inset; border-width: 2px 2px 2px 2px; line-height: normal; padding: 1px 1px 1px 1px;"
                            tabindex="-1"
                            value=""
                          />
                        </div>
                        <div
                          class="rbt-aux pr-3"
                        >
                          <svg
                            color="#bcbec5"
                            fill="currentColor"
                            height="1.6rem"
                            stroke="currentColor"
                            stroke-width="0"
                            style="color: rgb(188, 190, 197);"
                            viewBox="0 0 512 512"
                            width="1.6rem"
                            xmlns="http://www.w3.org/2000/svg"
                          >
                            <path
                              d="M505 442.7L405.3 343c-4.5-4.5-10.6-7-17-7H372c27.6-35.3 44-79.7 44-128C416 93.1 322.9 0 208 0S0 93.1 0 208s93.1 208 208 208c48.3 0 92.7-16.4 128-44v16.3c0 6.4 2.5 12.5 7 17l99.7 99.7c9.4 9.4 24.6 9.4 33.9 0l28.3-28.3c9.4-9.4 9.4-24.6.1-34zM208 336c-70.7 0-128-57.2-128-128 0-70.7 57.2-128 128-128 70.7 0 128 57.2 128 128 0 70.7-57.2 128-128 128z"
                            />
                          </svg>
                        </div>
                      </div>
                    </div>
                  </div>
                </div>
                <div
                  class="pb-2 row"
                >
                  <div
                    class="pr-0 text-left col-4"
                  >
                    <label
                      class="c15"
                    >
                      Funding:
                    </label>
                  </div>
                  <div
                    class="c16 text-left col"
                  >
                    <div
                      class="form-group"
                    >
                      <select
                        class="form-select form-control"
                        id="input-fundingTypeCode"
                        name="fundingTypeCode"
                      >
                        <option
                          value=""
                        >
                          Select funding...
                        </option>
                        <option
                          class="option"
                          data-testid="select-option-BCTFA"
                          value="BCTFA"
                        >
                          BCTFA
                        </option>
                        <option
                          class="option"
                          data-testid="select-option-CAPITAL"
                          value="CAPITAL"
                        >
                          Capital Program
                        </option>
                        <option
                          class="option"
                          data-testid="select-option-DFAA"
                          value="DFAA"
                        >
                          DFAA (Disaster Financial Assistance Arrangement)
                        </option>
                        <option
                          class="option"
                          data-testid="select-option-EVERGRN"
                          value="EVERGRN"
                        >
                          Evergreen
                        </option>
                        <option
                          class="option"
                          data-testid="select-option-FEDERAL"
                          value="FEDERAL"
                        >
                          Federal
                        </option>
                        <option
                          class="option"
                          data-testid="select-option-MAJORPR"
                          value="MAJORPR"
                        >
                          Major Projects
                        </option>
                        <option
                          class="option"
                          data-testid="select-option-MOTIDST"
                          value="MOTIDST"
                        >
                          MoTI District
                        </option>
                        <option
                          class="option"
                          data-testid="select-option-MOTIREG"
                          value="MOTIREG"
                        >
                          MoTI Region
                        </option>
                        <option
                          class="option"
                          data-testid="select-option-OTHER"
                          value="OTHER"
                        >
                          Other
                        </option>
                        <option
                          class="option"
                          data-testid="select-option-REHAB"
                          value="REHAB"
                        >
                          Rehab & Maintenance
                        </option>
                        <option
                          class="option"
                          data-testid="select-option-TICORP"
                          value="TICORP"
                        >
                          TI Corp
                        </option>
                      </select>
                    </div>
                  </div>
                </div>
              </div>
            </div>
            <div
              class="c13 form-section"
            >
              <h2
                class="c14"
              >
                <div
                  class="no-gutters row"
                >
                  <div
                    class="align-content-end col"
                  >
                    Properties to include in this file:
                  </div>
                </div>
              </h2>
              <div
                class="collapse show"
              >
                <div
                  class="py-2"
                >
                  Select one or more properties that you want to include in this disposition. You can choose a location from the map, or search by other criteria.
                </div>
                <div
                  class="c13 form-section"
                >
                  <h2
                    class="c14"
                  >
                    <div
                      class="no-gutters row"
                    >
                      <div
                        class="align-content-end col"
                      >
                        Selected properties
                      </div>
                    </div>
                  </h2>
                  <div
                    class="collapse show"
                  >
                    <div
                      class="c18 no-gutters row"
                    >
                      <div
                        class="col-md-3"
                      >
                        Identifier
                      </div>
                      <div
                        class="col-md-9"
                      >
                        Provide a descriptive name for this land
                        <span
                          class="tooltip-icon"
                          data-testid="tooltip-icon-property-selector-tooltip"
                          id="property-selector-tooltip"
                        >
                          <svg
                            class="tooltip-icon"
                            fill="currentColor"
                            height="1em"
                            stroke="currentColor"
                            stroke-width="0"
                            viewBox="0 0 512 512"
                            width="1em"
                            xmlns="http://www.w3.org/2000/svg"
                          >
                            <path
                              d="M256 8C119.043 8 8 119.083 8 256c0 136.997 111.043 248 248 248s248-111.003 248-248C504 119.083 392.957 8 256 8zm0 110c23.196 0 42 18.804 42 42s-18.804 42-42 42-42-18.804-42-42 18.804-42 42-42zm56 254c0 6.627-5.373 12-12 12h-88c-6.627 0-12-5.373-12-12v-24c0-6.627 5.373-12 12-12h12v-64h-12c-6.627 0-12-5.373-12-12v-24c0-6.627 5.373-12 12-12h64c6.627 0 12 5.373 12 12v100h12c6.627 0 12 5.373 12 12v24z"
                            />
                          </svg>
                        </span>
                      </div>
                    </div>
                    <span>
                      No Properties selected
                    </span>
                  </div>
                </div>
              </div>
            </div>
            <div
              class="c13 form-section"
            >
              <h2
                class="c14"
              >
                <div
                  class="no-gutters row"
                >
                  <div
                    class="align-content-end col"
                  >
                    Management Details
                  </div>
                </div>
              </h2>
              <div
                class="collapse show"
              >
                <div
                  class="pb-2 row"
                >
                  <div
                    class="pr-0 text-left col-4"
                  >
                    <label
                      class="c15"
                    >
                      File name:
                    </label>
                  </div>
                  <div
                    class="c16 required text-left col"
                  >
                    <div
                      class="input form-group"
                    >
                      <input
                        class="form-control"
                        id="input-fileName"
                        name="fileName"
                        style="word-break: break-all;"
                        title=""
                        value=""
                      />
                    </div>
                  </div>
                </div>
                <div
                  class="pb-2 row"
                >
                  <div
                    class="pr-0 text-left col-4"
                  >
                    <label
                      class="c15"
                    >
                      Historical file number:
                    </label>
                  </div>
                  <div
                    class="c16 text-left col"
                  >
                    <div
                      class="input form-group"
                    >
                      <input
                        class="form-control"
                        id="input-legacyFileNum"
                        name="legacyFileNum"
                        style="word-break: break-all;"
                        title=""
                        value=""
                      />
                    </div>
                  </div>
                </div>
                <div
                  class="pb-2 row"
                >
                  <div
                    class="pr-0 text-left col-4"
                  >
                    <label
                      class="c15"
                    >
                      Purpose:
                    </label>
                  </div>
                  <div
                    class="c16 required text-left col"
                  >
                    <div
                      class="required form-group"
                    >
                      <select
                        class="form-select form-control"
                        id="input-purposeTypeCode"
                        name="purposeTypeCode"
                        required=""
                      >
                        <option
                          value=""
                        >
                          Select...
                        </option>
                        <option
                          class="option"
                          data-testid="select-option-AGRICULT"
                          value="AGRICULT"
                        >
                          Agricultural
                        </option>
                        <option
                          class="option"
                          data-testid="select-option-ENGINEER"
                          value="ENGINEER"
                        >
                          Engineering
                        </option>
                        <option
                          class="option"
                          data-testid="select-option-GENERAL"
                          value="GENERAL"
                        >
                          General
                        </option>
                      </select>
                    </div>
                  </div>
                </div>
                <div
                  class="pb-2 row"
                >
                  <div
                    class="pr-0 text-left col-4"
                  >
                    <label
                      class="c15"
                    >
                      Additional details:
                    </label>
                  </div>
                  <div
                    class="c16 text-left col"
                  >
                    <div
                      class="input form-group"
                    >
                      <input
                        class="form-control"
                        id="input-additionalDetails"
                        name="additionalDetails"
                        style="word-break: break-all;"
                        title=""
                        value=""
                      />
                    </div>
                  </div>
                </div>
              </div>
            </div>
            <div
              class="c13 form-section"
            >
              <h2
                class="c14"
              >
                <div
                  class="no-gutters row"
                >
                  <div
                    class="align-content-end col"
                  >
                    Management Team
                  </div>
                </div>
              </h2>
              <div
                class="collapse show"
              >
                <button
                  class="c4 Button btn btn-link"
                  data-testid="add-team-member"
                  type="button"
                >
                  <div
                    class="Button__value"
                  >
                    + Add another team member
                  </div>
                </button>
              </div>
            </div>
          </div>
        </div>
      </div>
      <div
        class=""
      >
        <div
          class="c19 justify-content-end pt-4 p-0 no-gutters row"
        >
          <div
            class="pr-3 col-auto"
          />
          <div
            class="pr-6 col-auto"
          >
            <button
              class="c4 Button btn btn-secondary"
              data-testid="cancel-button"
              type="button"
            >
              <div
                class="Button__value"
              >
                Cancel
              </div>
            </button>
          </div>
          <div
            class="col-auto"
          >
            <button
              class="c4 Button mr-9 btn btn-primary"
              data-testid="save-button"
              type="button"
            >
              <div
                class="Button__value"
              >
                Save
              </div>
            </button>
          </div>
        </div>
      </div>
    </div>
  </div>
</DocumentFragment>
`;
